INFO:sim:172 - Generating IP...
Applying current project options...
Finished applying current project options.
Resolving generic values...
Finished resolving generic values.
Generating IP...
WARNING:sim:89 - A core named <alct_chipscope> already exists in the output
   directory. Output products for this core may be overwritten.
Configuring files for alct_chipscope root...
Gathering HDL files for alct_chipscope root...
Creating XST project for alct_chipscope...
Creating XST script file for alct_chipscope...
Creating XST instantiation file for alct_chipscope...
Running XST for alct_chipscope...
XST: HDL Parsing
XST: HDL Elaboration
XST: HDL Synthesis
XST: Advanced HDL Synthesis
XST: Low Level Synthesis
XST: Design Summary
Not generating VHDL wrapper
Generating Verilog wrapper
Skipping VHDL instantiation template for alct_chipscope...
Creating ISE instantiation template for alct_chipscope...
Finished Generation.
Generating IP instantiation template...
Generating ASY schematic symbol...
INFO:sim:949 - Finished generation of ASY schematic symbol.
Generating SYM schematic symbol for 'alct_chipscope'...
Generating metadata file...
Generating ISE project...
XCO file found: alct_chipscope.xco
XMDF file found: alct_chipscope_xmdf.tcl
Adding
/home/ise/centos_shared/alct/ise/alct_LX150T_576mirror/ipcore_dir/tmp/_cg/alct_c
hipscope.asy -view all -origin_type imported
Adding
/home/ise/centos_shared/alct/ise/alct_LX150T_576mirror/ipcore_dir/tmp/_cg/alct_c
hipscope.ngc -view all -origin_type created
Checking file
"/home/ise/centos_shared/alct/ise/alct_LX150T_576mirror/ipcore_dir/tmp/_cg/alct_
chipscope.ngc" for project device match ...
File
"/home/ise/centos_shared/alct/ise/alct_LX150T_576mirror/ipcore_dir/tmp/_cg/alct_
chipscope.ngc" device information matches project device.
Adding
/home/ise/centos_shared/alct/ise/alct_LX150T_576mirror/ipcore_dir/tmp/_cg/alct_c
hipscope.v -view all -origin_type created
INFO:HDLCompiler:1845 - Analyzing Verilog file
   "/home/ise/centos_shared/alct/ise/alct_LX150T_576mirror/ipcore_dir/tmp/_cg/al
   ct_chipscope.v" into library work
INFO:ProjectMgmt - Parsing design hierarchy completed successfully.
Adding
/home/ise/centos_shared/alct/ise/alct_LX150T_576mirror/ipcore_dir/tmp/_cg/alct_c
hipscope.veo -view all -origin_type imported
INFO:TclTasksC:2116 - The automatic calculation of top has been turned-off.
   Please set the new top explicitly by running the "project set top" command.
   To re-calculate the new top automatically, set the "Auto Implementation Top"
   property to true.
Top level has been set to "/alct_chipscope"
Generating README file...
Generating FLIST file...
INFO:sim:948 - Finished FLIST file generation.
Moving files to output directory...
Finished moving files to output directory
Wrote CGP file for project 'alct_chipscope'.
